20:28:40  local              Validating Git source and workflow
20:28:40  local              Source commit ready: 7869e7ecf63b
20:28:40  request            Creating training request
20:28:40  workflow           Snapshotting committed workflow
20:28:40  queue              Queueing on reproai-g4dn-plaintorch-a
20:28:40  queued             Job queued at position 3
20:28:40  queued             Job queued on compute target reproai-g4dn-plaintorch-a
20:45:01  provisioning       Compute provisioning started in us-east-2
20:45:01  provisioning       Provisioning compute target reproai-g4dn-plaintorch-a
20:45:02  booting            Provider accepted the instance request
20:45:02  waiting_for_agent  Provider accepted the instance; waiting for the TReqs agent
20:47:47  acquired           Agent acquired the job
20:47:47  running            Run started
20:47:47  repository         Preparing repository
20:47:47  publishing_lineage Publishing lineage
20:47:49  repository         Repository ready
20:47:49  environment        Preparing execution environment
20:47:49  environment        Execution environment ready
20:47:49  task               Running task setup
python 3.12.10 (main, Apr 27 2026, 17:38:48) [GCC 11.4.0]

[notice] A new release of pip is available: 26.1 -> 26.2.1
[notice] To update, run: pip install --upgrade pip
/dev/root       146G   29G  117G  20% /
cleared any inherited shutdown; arming this job's own watchdog
Shutdown scheduled for Tue 2026-08-11 21:13:28 UTC, use 'shutdown -c' to cancel.
watchdog: halt scheduled at +25 min; every stage below re-arms its own (2x the measured stage time)
origin	https://github.com/reproducible-ai/tacotron2.git (fetch)
origin	https://github.com/reproducible-ai/tacotron2.git (push)
downloading uv 0.12.3 x86_64-unknown-linux-gnu
installing to /usr/local/bin
  uv
  uvx
everything's installed!
/usr/local/bin/uv
recorded interpreter: 3.12.10
Resolved 40 packages in 1.16s
Downloading roar-cli (9.9MiB)
Downloading hf-xet (4.3MiB)
Downloading dependency-injector (1.8MiB)
Downloading pygments (1.2MiB)
Downloading sqlalchemy (1.9MiB)
Downloading pydantic-core (2.0MiB)
Downloading cryptography (4.5MiB)
Downloading pysqlite3-binary (4.7MiB)
 Downloaded pydantic-core
 Downloaded dependency-injector
 Downloaded hf-xet
 Downloaded pysqlite3-binary
 Downloaded cryptography
 Downloaded sqlalchemy
 Downloaded roar-cli
 Downloaded pygments
Prepared 40 packages in 910ms
Installed 40 packages in 26ms
 + annotated-types==0.8.0
 + anyio==4.14.2
 + blake3==1.0.9
 + certifi==2026.7.22
 + cffi==2.1.1
 + click==8.4.2
 + cryptography==50.0.0
 + dependency-injector==4.49.1
 + filelock==3.32.2
 + fsspec==2026.7.0
 + greenlet==3.5.5
 + h11==0.16.0
 + hf-xet==1.6.0
 + httpcore==1.0.9
 + httpx==0.28.1
 + huggingface-hub==1.27.0
 + idna==3.18
 + linkify-it-py==2.1.0
 + markdown-it-py==4.2.0
 + mdit-py-plugins==0.6.1
 + mdurl==0.1.2
 + msgpack==1.2.1
 + packaging==26.3
 + platformdirs==4.11.2
 + pycparser==3.0
 + pydantic==2.13.4
 + pydantic-core==2.46.4
 + pydantic-settings==2.15.0
 + pygments==2.20.0
 + pysqlite3-binary==0.5.4.post2
 + python-dotenv==1.2.2
 + pyyaml==6.0.3
 + rich==15.0.0
 + roar-cli==0.4.4rc6
 + sqlalchemy==2.0.52
 + textual==8.2.8
 + tqdm==4.70.0
 + typing-extensions==4.16.0
 + typing-inspection==0.4.3
 + uc-micro-py==2.0.0
Installed 2 executables: roar, roar-worker
index: https://test.pypi.org/pypi/roar-cli/0.4.4rc6/json
  published: roar_cli-0.4.4rc6-cp310-abi3-macosx_10_12_x86_64.whl  sha256=aba522305f43e1cb65b817d5e4f1b122d2a6d5d3fcfd255842851aecab4acb81
  published: roar_cli-0.4.4rc6-cp310-abi3-macosx_11_0_arm64.whl  sha256=5bb49a788b33d93b59141c6efcca17a5686d12ec6109b0daac438eb9cd6d4c4c
  published: roar_cli-0.4.4rc6-cp310-abi3-manylinux_2_34_aarch64.whl  sha256=be61225c01c7431ff5a0d36fb135a0655d249dd735724f2cd46d5348cdc99629
  published: roar_cli-0.4.4rc6-cp310-abi3-manylinux_2_34_x86_64.whl  sha256=c7115b748886259b6a089e547404376acf84c3b81b4cbc8dc5610490ebea7199
  published: roar_cli-0.4.4rc6.tar.gz  sha256=0352aa2051e66b22ee68062db68895d0a28379c6912c5646e78798b8f0466b21
selected: roar_cli-0.4.4rc6-cp310-abi3-manylinux_2_34_x86_64.whl
  published sha256: c7115b748886259b6a089e547404376acf84c3b81b4cbc8dc5610490ebea7199
  expected  sha256: c7115b748886259b6a089e547404376acf84c3b81b4cbc8dc5610490ebea7199
  served    sha256: c7115b748886259b6a089e547404376acf84c3b81b4cbc8dc5610490ebea7199
installed RECORD: /root/.local/share/uv/tools/roar-cli/lib/python3.12/site-packages/roar_cli-0.4.4rc6.dist-info/RECORD
  wheel entries with a hash: 422
  installed entries:         424
roar wheel verification: PASS (roar_cli-0.4.4rc6-cp310-abi3-manylinux_2_34_x86_64.whl sha256=c7115b748886259b6a089e547404376acf84c3b81b4cbc8dc5610490ebea7199)
roar, version 0.4.4rc6
Default tracer set to: preload  (saved to [REDACTED]/5c26b05a-e860-4ef5-a60b-62acd9e897e2/_work/70532295-f315-49d6-90f3-5a716e28a88a/repository/.roar/config.toml)
roar: roar tracer  ·  active: preload (ready)

  Tracer   Status  Tradeoff               Requirements
  preload  ready   comparable to eBPF     no extra perms
           ↳ skips statically-linked binaries (Go)
  ebpf     ready   fastest, low overhead  needs CAP_BPF + perf_event_paranoid<=1; Linux only
  ptrace   ready   slow but correct       no extra perms; works on every binary

hint: To pick one explicitly: roar tracer use {auto|ebpf|preload|ptrace}
hint: To probe one:           roar tracer check {auto|ebpf|preload|ptrace}
hint: Docs: https://glaas.ai/docs/tracers
ERROR: pip's dependency resolver does not currently take into account all the packages that are installed. This behaviour is the source of the following dependency conflicts.
shap 0.51.0 requires numpy>=2, but you have numpy 1.26.4 which is incompatible.
torch 2.7.0 requires nvidia-cublas-cu12==12.6.4.1; platform_system == "Linux" and platform_machine == "x86_64", but you have nvidia-cublas-cu12 12.8.3.14 which is incompatible.
torch 2.7.0 requires nvidia-cuda-cupti-cu12==12.6.80; platform_system == "Linux" and platform_machine == "x86_64", but you have nvidia-cuda-cupti-cu12 12.8.57 which is incompatible.
torch 2.7.0 requires nvidia-cuda-nvrtc-cu12==12.6.77; platform_system == "Linux" and platform_machine == "x86_64", but you have nvidia-cuda-nvrtc-cu12 12.8.61 which is incompatible.
torch 2.7.0 requires nvidia-cuda-runtime-cu12==12.6.77; platform_system == "Linux" and platform_machine == "x86_64", but you have nvidia-cuda-runtime-cu12 12.8.57 which is incompatible.
torch 2.7.0 requires nvidia-cudnn-cu12==9.5.1.17; platform_system == "Linux" and platform_machine == "x86_64", but you have nvidia-cudnn-cu12 9.7.1.26 which is incompatible.
torch 2.7.0 requires nvidia-cufft-cu12==11.3.0.4; platform_system == "Linux" and platform_machine == "x86_64", but you have nvidia-cufft-cu12 11.3.3.41 which is incompatible.
torch 2.7.0 requires nvidia-cufile-cu12==1.11.1.6; platform_system == "Linux" and platform_machine == "x86_64", but you have nvidia-cufile-cu12 1.13.0.11 which is incompatible.
torch 2.7.0 requires nvidia-curand-cu12==10.3.7.77; platform_system == "Linux" and platform_machine == "x86_64", but you have nvidia-curand-cu12 10.3.9.55 which is incompatible.
torch 2.7.0 requires nvidia-cusolver-cu12==11.7.1.2; platform_system == "Linux" and platform_machine == "x86_64", but you have nvidia-cusolver-cu12 11.7.2.55 which is incompatible.
torch 2.7.0 requires nvidia-cusparse-cu12==12.5.4.2; platform_system == "Linux" and platform_machine == "x86_64", but you have nvidia-cusparse-cu12 12.5.7.53 which is incompatible.
torch 2.7.0 requires nvidia-nvjitlink-cu12==12.6.85; platform_system == "Linux" and platform_machine == "x86_64", but you have nvidia-nvjitlink-cu12 12.8.61 which is incompatible.
torch 2.7.0 requires nvidia-nvtx-cu12==12.6.77; platform_system == "Linux" and platform_machine == "x86_64", but you have nvidia-nvtx-cu12 12.8.55 which is incompatible.

[notice] A new release of pip is available: 26.1 -> 26.2.1
[notice] To update, run: pip install --upgrade pip
/opt/pytorch/lib/python3.12/site-packages/torch/cuda/__init__.py:61: FutureWarning: The pynvml package is deprecated. Please install nvidia-ml-py instead. If you did not install pynvml directly, please report this to the maintainers of the package that installed pynvml for you.
  import pynvml  # type: ignore[import]
torch 2.7.0+cu126 | numpy 1.26.4 | scipy 1.17.1 | librosa 0.9.2 | matplotlib 3.9.4
/opt/pytorch/lib/python3.12/site-packages/torch/cuda/__init__.py:61: FutureWarning: The pynvml package is deprecated. Please install nvidia-ml-py instead. If you did not install pynvml directly, please report this to the maintainers of the package that installed pynvml for you.
  import pynvml  # type: ignore[import]
cuda True | Tesla T4
upstream: https://github.com/NVIDIA/tacotron2 @ 185cd24e046cc1304b4f8e564734d2498c6e2e6f
upstream files: 32  |  files in HEAD: 44
added by this fork (12):
  + .gitignore
  + .treqs/workflows/tacotron2-ljspeech.yaml
  + DUMMY/.gitkeep
  + outdir/.gitkeep
  + repro/assert_upstream_unmodified.py
  + repro/fetch_ljspeech.py
  + repro/freeze_audit.py
  + repro/native_deps_probe.py
  + repro/preflight_cpu.py
  + repro/tf_hparams_shim.py
  + repro/train_truncated.py
  + repro/verify_roar_wheel.py
assert_upstream_unmodified: PASS (32 upstream files byte-identical to 185cd24e046c, 0 declared exemption(s))
freeze audit: 309 distributions
  local-version pins (`+cuNNN` etc.): none
  PEP-503 duplicate pins: none
freeze audit: PASS
/opt/pytorch/lib/python3.12/site-packages/torch/cuda/__init__.py:61: FutureWarning: The pynvml package is deprecated. Please install nvidia-ml-py instead. If you did not install pynvml directly, please report this to the maintainers of the package that installed pynvml for you.
  import pynvml  # type: ignore[import]
--- preflight: upstream's 2019 API calls against this environment ---
python 3.12.10 | numpy 1.26.4 | torch 2.7.0+cu126
[shim] `import tensorflow` in hparams.py is served by repro/tf_hparams_shim.py -- it provides tf.contrib.training.HParams and tf.logging and nothing else. TensorFlow itself is NOT installed: tf.contrib was removed in TF 2.0 and the pinned tensorflow==1.15.2 has no wheel for this interpreter. hparams.py itself is upstream's, unmodified.
[REDACTED]/5c26b05a-e860-4ef5-a60b-62acd9e897e2/_work/70532295-f315-49d6-90f3-5a716e28a88a/repository/text/__init__.py:74: SyntaxWarning: "is not" with 'str' literal. Did you mean "!="?
  return s in _symbol_to_id and s is not '_' and s is not '~'
[REDACTED]/5c26b05a-e860-4ef5-a60b-62acd9e897e2/_work/70532295-f315-49d6-90f3-5a716e28a88a/repository/text/__init__.py:74: SyntaxWarning: "is not" with 'str' literal. Did you mean "!="?
  return s in _symbol_to_id and s is not '_' and s is not '~'
  PASS  upstream hparams.py (via the TF shim): epochs=500 batch_size=64 iters_per_checkpoint=1000 n_symbols=148
[tf.logging] Parsing command line hparams: epochs=1,batch_size=16,iters_per_checkpoint=100
  PASS  --hparams= override grammar: epochs=1 batch_size=16 types preserved
[shim] withdrawn: `import tensorflow` now fails as it would on any host without TensorFlow. TensorBoard's SummaryWriter probes for it and would otherwise route its file IO through tf.io.gfile.
[REDACTED]/5c26b05a-e860-4ef5-a60b-62acd9e897e2/_work/70532295-f315-49d6-90f3-5a716e28a88a/repository/stft.py:67: FutureWarning: Pass size=1024 as keyword args. From version 0.10 passing these as positional arguments will result in an error
  fft_window = pad_center(fft_window, filter_length)
[REDACTED]/5c26b05a-e860-4ef5-a60b-62acd9e897e2/_work/70532295-f315-49d6-90f3-5a716e28a88a/repository/layers.py:50: FutureWarning: Pass sr=22050, n_fft=1024, n_mels=80, fmin=0.0, fmax=8000.0 as keyword args. From version 0.10 passing these as positional arguments will result in an error
  mel_basis = librosa_mel_fn(
[REDACTED]/5c26b05a-e860-4ef5-a60b-62acd9e897e2/_work/70532295-f315-49d6-90f3-5a716e28a88a/repository/audio_processing.py:50: FutureWarning: Pass size=1024 as keyword args. From version 0.10 passing these as positional arguments will result in an error
  win_sq = librosa_util.pad_center(win_sq, n_fft)
  PASS  librosa positional mel filterbank (layers.TacotronSTFT): mel_basis (80, 513)
  PASS  mel spectrogram of a waveform (data_utils.get_mel path): mel (1, 80, 173) range [-11.51, 1.44]
  PASS  STFT.inverse -> librosa.util.pad_center (audio_processing): round trip (1, 1, 22016)
  PASS  text_to_sequence with english_cleaners (inflect + unidecode): 88 symbol ids
  PASS  scipy.io.wavfile.read (utils.load_wav_to_torch): (22050,) @ 22050 Hz
  PASS  plotting_utils (matplotlib tostring_rgb + np.fromstring): alignment (400, 600, 3) spectrogram (300, 1200, 3) gate (300, 1200, 3)
  PASS  import train.py itself, with the shim already withdrawn: train.train() present: True
  PASS  logger.Tacotron2Logger (torch.utils.tensorboard): 1 event file(s) written
preflight_cpu: PASS
20:52:26  task               Task setup completed
20:52:26  task               Running task fetch_ljspeech
/opt/pytorch/lib/python3.12/site-packages/torch/cuda/__init__.py:61: FutureWarning: The pynvml package is deprecated. Please install nvidia-ml-py instead. If you did not install pynvml directly, please report this to the maintainers of the package that installed pynvml for you.
  import pynvml  # type: ignore[import]
python: 3.12.10 (/opt/pytorch/bin/python)
platform: Linux ip-10-50-56-169 6.8.0-1052-aws #55~22.04.1-Ubuntu SMP Tue Apr  7 04:58:22 UTC 2026 x86_64
--- imports ---
  numpy                ok   (numpy 1.26.4)
  scipy.io.wavfile     ok   (scipy 1.17.1)
  scipy.signal         ok   (scipy 1.17.1)
  librosa              ok   (librosa 0.9.2)
  librosa.util         ok   (librosa 0.9.2)
  soundfile            ok   (soundfile 0.14.0)
  audioread            ok   (audioread ?)
  numba                ok   (numba 0.65.1)
  torch                ok   (torch 2.7.0+cu126)
  matplotlib           ok   (matplotlib 3.9.4)
  unidecode            ok   (Unidecode ?)
  inflect              ok   (inflect ?)
--- native libraries mapped into this process: 334 ---
[A] inside a Python wheel -- covered by the pip freeze (276):
    /opt/pytorch/lib/python3.12/site-packages/PIL/_imaging.cpython-312-x86_64-linux-gnu.so
    /opt/pytorch/lib/python3.12/site-packages/_cffi_backend.cpython-312-x86_64-linux-gnu.so
    /opt/pytorch/lib/python3.12/site-packages/_soundfile_data/libsndfile_x86_64.so
    /opt/pytorch/lib/python3.12/site-packages/bcrypt/_bcrypt.abi3.so
    /opt/pytorch/lib/python3.12/site-packages/cryptography/hazmat/bindings/_rust.abi3.so
    /opt/pytorch/lib/python3.12/site-packages/cusparselt/lib/libcusparseLt.so.0
    /opt/pytorch/lib/python3.12/site-packages/kiwisolver/_cext.cpython-312-x86_64-linux-gnu.so
    /opt/pytorch/lib/python3.12/site-packages/llvmlite/binding/libllvmlite.so
    /opt/pytorch/lib/python3.12/site-packages/matplotlib/_c_internal_utils.cpython-312-x86_64-linux-gnu.so
    /opt/pytorch/lib/python3.12/site-packages/matplotlib/_image.cpython-312-x86_64-linux-gnu.so
    /opt/pytorch/lib/python3.12/site-packages/matplotlib/_path.cpython-312-x86_64-linux-gnu.so
    /opt/pytorch/lib/python3.12/site-packages/matplotlib/ft2font.cpython-312-x86_64-linux-gnu.so
    /opt/pytorch/lib/python3.12/site-packages/nacl/_sodium.abi3.so
    /opt/pytorch/lib/python3.12/site-packages/numba/_devicearray.cpython-312-x86_64-linux-gnu.so
    /opt/pytorch/lib/python3.12/site-packages/numba/_dispatcher.cpython-312-x86_64-linux-gnu.so
    /opt/pytorch/lib/python3.12/site-packages/numba/_dynfunc.cpython-312-x86_64-linux-gnu.so
    /opt/pytorch/lib/python3.12/site-packages/numba/_helperlib.cpython-312-x86_64-linux-gnu.so
    /opt/pytorch/lib/python3.12/site-packages/numba/core/runtime/_nrt_python.cpython-312-x86_64-linux-gnu.so
    /opt/pytorch/lib/python3.12/site-packages/numba/core/typeconv/_typeconv.cpython-312-x86_64-linux-gnu.so
    /opt/pytorch/lib/python3.12/site-packages/numba/experimental/jitclass/_box.cpython-312-x86_64-linux-gnu.so
    /opt/pytorch/lib/python3.12/site-packages/numba/np/ufunc/_internal.cpython-312-x86_64-linux-gnu.so
    /opt/pytorch/lib/python3.12/site-packages/numpy.libs/libgfortran-040039e1.so.5.0.0
    /opt/pytorch/lib/python3.12/site-packages/numpy.libs/libopenblas64_p-r0-0cf96a72.3.23.dev.so
    /opt/pytorch/lib/python3.12/site-packages/numpy.libs/libquadmath-96973f99.so.0.0.0
    /opt/pytorch/lib/python3.12/site-packages/numpy/core/_multiarray_tests.cpython-312-x86_64-linux-gnu.so
    /opt/pytorch/lib/python3.12/site-packages/numpy/core/_multiarray_umath.cpython-312-x86_64-linux-gnu.so
    /opt/pytorch/lib/python3.12/site-packages/numpy/fft/_pocketfft_internal.cpython-312-x86_64-linux-gnu.so
    /opt/pytorch/lib/python3.12/site-packages/numpy/linalg/_umath_linalg.cpython-312-x86_64-linux-gnu.so
    /opt/pytorch/lib/python3.12/site-packages/numpy/random/_bounded_integers.cpython-312-x86_64-linux-gnu.so
    /opt/pytorch/lib/python3.12/site-packages/numpy/random/_common.cpython-312-x86_64-linux-gnu.so
    /opt/pytorch/lib/python3.12/site-packages/numpy/random/_generator.cpython-312-x86_64-linux-gnu.so
    /opt/pytorch/lib/python3.12/site-packages/numpy/random/_mt19937.cpython-312-x86_64-linux-gnu.so
    /opt/pytorch/lib/python3.12/site-packages/numpy/random/_pcg64.cpython-312-x86_64-linux-gnu.so
    /opt/pytorch/lib/python3.12/site-packages/numpy/random/_philox.cpython-312-x86_64-linux-gnu.so
    /opt/pytorch/lib/python3.12/site-packages/numpy/random/_sfc64.cpython-312-x86_64-linux-gnu.so
    /opt/pytorch/lib/python3.12/site-packages/numpy/random/bit_generator.cpython-312-x86_64-linux-gnu.so
    /opt/pytorch/lib/python3.12/site-packages/numpy/random/mtrand.cpython-312-x86_64-linux-gnu.so
    /opt/pytorch/lib/python3.12/site-packages/nvidia/cublas/lib/libcublas.so.12
    /opt/pytorch/lib/python3.12/site-packages/nvidia/cublas/lib/libcublasLt.so.12
    /opt/pytorch/lib/python3.12/site-packages/nvidia/cuda_cupti/lib/libcupti.so.12
    /opt/pytorch/lib/python3.12/site-packages/nvidia/cuda_nvrtc/lib/libnvrtc.so.12
    /opt/pytorch/lib/python3.12/site-packages/nvidia/cuda_runtime/lib/libcudart.so.12
    /opt/pytorch/lib/python3.12/site-packages/nvidia/cudnn/lib/libcudnn.so.9
    /opt/pytorch/lib/python3.12/site-packages/nvidia/cufft/lib/libcufft.so.11
    /opt/pytorch/lib/python3.12/site-packages/nvidia/cufile/lib/libcufile.so.0
    /opt/pytorch/lib/python3.12/site-packages/nvidia/curand/lib/libcurand.so.10
    /opt/pytorch/lib/python3.12/site-packages/nvidia/cusparse/lib/libcusparse.so.12
    /opt/pytorch/lib/python3.12/site-packages/nvidia/nccl/lib/libnccl.so.2
    /opt/pytorch/lib/python3.12/site-packages/nvidia/nvjitlink/lib/libnvJitLink.so.12
    /opt/pytorch/lib/python3.12/site-packages/pandas/_libs/algos.cpython-312-x86_64-linux-gnu.so
    /opt/pytorch/lib/python3.12/site-packages/pandas/_libs/arrays.cpython-312-x86_64-linux-gnu.so
    /opt/pytorch/lib/python3.12/site-packages/pandas/_libs/groupby.cpython-312-x86_64-linux-gnu.so
    /opt/pytorch/lib/python3.12/site-packages/pandas/_libs/hashing.cpython-312-x86_64-linux-gnu.so
    /opt/pytorch/lib/python3.12/site-packages/pandas/_libs/hashtable.cpython-312-x86_64-linux-gnu.so
    /opt/pytorch/lib/python3.12/site-packages/pandas/_libs/index.cpython-312-x86_64-linux-gnu.so
    /opt/pytorch/lib/python3.12/site-packages/pandas/_libs/indexing.cpython-312-x86_64-linux-gnu.so
    /opt/pytorch/lib/python3.12/site-packages/pandas/_libs/internals.cpython-312-x86_64-linux-gnu.so
    /opt/pytorch/lib/python3.12/site-packages/pandas/_libs/interval.cpython-312-x86_64-linux-gnu.so
    /opt/pytorch/lib/python3.12/site-packages/pandas/_libs/join.cpython-312-x86_64-linux-gnu.so
    /opt/pytorch/lib/python3.12/site-packages/pandas/_libs/json.cpython-312-x86_64-linux-gnu.so
    /opt/pytorch/lib/python3.12/site-packages/pandas/_libs/lib.cpython-312-x86_64-linux-gnu.so
    /opt/pytorch/lib/python3.12/site-packages/pandas/_libs/missing.cpython-312-x86_64-linux-gnu.so
    /opt/pytorch/lib/python3.12/site-packages/pandas/_libs/ops.cpython-312-x86_64-linux-gnu.so
    /opt/pytorch/lib/python3.12/site-packages/pandas/_libs/ops_dispatch.cpython-312-x86_64-linux-gnu.so
    /opt/pytorch/lib/python3.12/site-packages/pandas/_libs/pandas_datetime.cpython-312-x86_64-linux-gnu.so
    /opt/pytorch/lib/python3.12/site-packages/pandas/_libs/pandas_parser.cpython-312-x86_64-linux-gnu.so
    /opt/pytorch/lib/python3.12/site-packages/pandas/_libs/parsers.cpython-312-x86_64-linux-gnu.so
    /opt/pytorch/lib/python3.12/site-packages/pandas/_libs/properties.cpython-312-x86_64-linux-gnu.so
    /opt/pytorch/lib/python3.12/site-packages/pandas/_libs/reshape.cpython-312-x86_64-linux-gnu.so
    /opt/pytorch/lib/python3.12/site-packages/pandas/_libs/sparse.cpython-312-x86_64-linux-gnu.so
    /opt/pytorch/lib/python3.12/site-packages/pandas/_libs/testing.cpython-312-x86_64-linux-gnu.so
    /opt/pytorch/lib/python3.12/site-packages/pandas/_libs/tslib.cpython-312-x86_64-linux-gnu.so
    /opt/pytorch/lib/python3.12/site-packages/pandas/_libs/tslibs/base.cpython-312-x86_64-linux-gnu.so
    /opt/pytorch/lib/python3.12/site-packages/pandas/_libs/tslibs/ccalendar.cpython-312-x86_64-linux-gnu.so
    /opt/pytorch/lib/python3.12/site-packages/pandas/_libs/tslibs/conversion.cpython-312-x86_64-linux-gnu.so
    /opt/pytorch/lib/python3.12/site-packages/pandas/_libs/tslibs/dtypes.cpython-312-x86_64-linux-gnu.so
    /opt/pytorch/lib/python3.12/site-packages/pandas/_libs/tslibs/fields.cpython-312-x86_64-linux-gnu.so
    /opt/pytorch/lib/python3.12/site-packages/pandas/_libs/tslibs/nattype.cpython-312-x86_64-linux-gnu.so
    /opt/pytorch/lib/python3.12/site-packages/pandas/_libs/tslibs/np_datetime.cpython-312-x86_64-linux-gnu.so
    /opt/pytorch/lib/python3.12/site-packages/pandas/_libs/tslibs/offsets.cpython-312-x86_64-linux-gnu.so
    /opt/pytorch/lib/python3.12/site-packages/pandas/_libs/tslibs/parsing.cpython-312-x86_64-linux-gnu.so
    /opt/pytorch/lib/python3.12/site-packages/pandas/_libs/tslibs/period.cpython-312-x86_64-linux-gnu.so
    /opt/pytorch/lib/python3.12/site-packages/pandas/_libs/tslibs/strptime.cpython-312-x86_64-linux-gnu.so
    /opt/pytorch/lib/python3.12/site-packages/pandas/_libs/tslibs/timedeltas.cpython-312-x86_64-linux-gnu.so
    /opt/pytorch/lib/python3.12/site-packages/pandas/_libs/tslibs/timestamps.cpython-312-x86_64-linux-gnu.so
    /opt/pytorch/lib/python3.12/site-packages/pandas/_libs/tslibs/timezones.cpython-312-x86_64-linux-gnu.so
    /opt/pytorch/lib/python3.12/site-packages/pandas/_libs/tslibs/tzconversion.cpython-312-x86_64-linux-gnu.so
    /opt/pytorch/lib/python3.12/site-packages/pandas/_libs/tslibs/vectorized.cpython-312-x86_64-linux-gnu.so
    /opt/pytorch/lib/python3.12/site-packages/pandas/_libs/window/aggregations.cpython-312-x86_64-linux-gnu.so
    /opt/pytorch/lib/python3.12/site-packages/pandas/_libs/window/indexers.cpython-312-x86_64-linux-gnu.so
    /opt/pytorch/lib/python3.12/site-packages/pandas/_libs/writers.cpython-312-x86_64-linux-gnu.so
    /opt/pytorch/lib/python3.12/site-packages/pillow.libs/libXau-154567c4.so.6.0.0
    /opt/pytorch/lib/python3.12/site-packages/pillow.libs/libjpeg-8296d2fa.so.62.4.0
    /opt/pytorch/lib/python3.12/site-packages/pillow.libs/liblzma-3c942967.so.5.8.3
    /opt/pytorch/lib/python3.12/site-packages/pillow.libs/libopenjp2-f3576751.so.2.5.4
    /opt/pytorch/lib/python3.12/site-packages/pillow.libs/libtiff-f4bc73ff.so.6.2.0
    /opt/pytorch/lib/python3.12/site-packages/pillow.libs/libxcb-bac6ebc8.so.1.1.0
    /opt/pytorch/lib/python3.12/site-packages/pillow.libs/libzstd-6ea785c0.so.1.5.7
    /opt/pytorch/lib/python3.12/site-packages/psutil/_psutil_linux.abi3.so
    /opt/pytorch/lib/python3.12/site-packages/pyarrow/_compute.cpython-312-x86_64-linux-gnu.so
    /opt/pytorch/lib/python3.12/site-packages/pyarrow/lib.cpython-312-x86_64-linux-gnu.so
    /opt/pytorch/lib/python3.12/site-packages/pyarrow/libarrow.so.2300
    /opt/pytorch/lib/python3.12/site-packages/pyarrow/libarrow_acero.so.2300
    /opt/pytorch/lib/python3.12/site-packages/pyarrow/libarrow_compute.so.2300
    /opt/pytorch/lib/python3.12/site-packages/pyarrow/libarrow_dataset.so.2300
    /opt/pytorch/lib/python3.12/site-packages/pyarrow/libarrow_python.so.2300
    /opt/pytorch/lib/python3.12/site-packages/pyarrow/libarrow_substrait.so.2300
    /opt/pytorch/lib/python3.12/site-packages/pyarrow/libparquet.so.2300
    /opt/pytorch/lib/python3.12/site-packages/scikit_learn.libs/libgomp-e985bcbb.so.1.0.0
    /opt/pytorch/lib/python3.12/site-packages/scipy.libs/libgfortran-040039e1-0352e75f.so.5.0.0
    /opt/pytorch/lib/python3.12/site-packages/scipy.libs/libgfortran-8f1e9814.so.5.0.0
    /opt/pytorch/lib/python3.12/site-packages/scipy.libs/libquadmath-828275a7.so.0.0.0
    /opt/pytorch/lib/python3.12/site-packages/scipy.libs/libquadmath-96973f99-934c22de.so.0.0.0
    /opt/pytorch/lib/python3.12/site-packages/scipy.libs/libscipy_openblas-6cdc3b4a.so
    /opt/pytorch/lib/python3.12/site-packages/scipy/_cyutility.cpython-312-x86_64-linux-gnu.so
    /opt/pytorch/lib/python3.12/site-packages/scipy/_lib/_ccallback_c.cpython-312-x86_64-linux-gnu.so
    /opt/pytorch/lib/python3.12/site-packages/scipy/_lib/_uarray/_uarray.cpython-312-x86_64-linux-gnu.so
    /opt/pytorch/lib/python3.12/site-packages/scipy/_lib/messagestream.cpython-312-x86_64-linux-gnu.so
    /opt/pytorch/lib/python3.12/site-packages/scipy/fft/_pocketfft/pypocketfft.cpython-312-x86_64-linux-gnu.so
    /opt/pytorch/lib/python3.12/site-packages/scipy/fftpack/convolve.cpython-312-x86_64-linux-gnu.so
    /opt/pytorch/lib/python3.12/site-packages/scipy/integrate/_dop.cpython-312-x86_64-linux-gnu.so
    /opt/pytorch/lib/python3.12/site-packages/scipy/integrate/_odepack.cpython-312-x86_64-linux-gnu.so
    /opt/pytorch/lib/python3.12/site-packages/scipy/integrate/_quadpack.cpython-312-x86_64-linux-gnu.so
    /opt/pytorch/lib/python3.12/site-packages/scipy/integrate/_vode.cpython-312-x86_64-linux-gnu.so
    /opt/pytorch/lib/python3.12/site-packages/scipy/interpolate/_dfitpack.cpython-312-x86_64-linux-gnu.so
    /opt/pytorch/lib/python3.12/site-packages/scipy/interpolate/_dierckx.cpython-312-x86_64-linux-gnu.so
    /opt/pytorch/lib/python3.12/site-packages/scipy/interpolate/_fitpack.cpython-312-x86_64-linux-gnu.so
    /opt/pytorch/lib/python3.12/site-packages/scipy/interpolate/_interpnd.cpython-312-x86_64-linux-gnu.so
    /opt/pytorch/lib/python3.12/site-packages/scipy/interpolate/_ppoly.cpython-312-x86_64-linux-gnu.so
    /opt/pytorch/lib/python3.12/site-packages/scipy/interpolate/_rbfinterp_pythran.cpython-312-x86_64-linux-gnu.so
    /opt/pytorch/lib/python3.12/site-packages/scipy/interpolate/_rgi_cython.cpython-312-x86_64-linux-gnu.so
    /opt/pytorch/lib/python3.12/site-packages/scipy/io/matlab/_mio5_utils.cpython-312-x86_64-linux-gnu.so
    /opt/pytorch/lib/python3.12/site-packages/scipy/io/matlab/_mio_utils.cpython-312-x86_64-linux-gnu.so
    /opt/pytorch/lib/python3.12/site-packages/scipy/io/matlab/_streams.cpython-312-x86_64-linux-gnu.so
    /opt/pytorch/lib/python3.12/site-packages/scipy/linalg/_batched_linalg.cpython-312-x86_64-linux-gnu.so
    /opt/pytorch/lib/python3.12/site-packages/scipy/linalg/_cythonized_array_utils.cpython-312-x86_64-linux-gnu.so
    /opt/pytorch/lib/python3.12/site-packages/scipy/linalg/_decomp_interpolative.cpython-312-x86_64-linux-gnu.so
    /opt/pytorch/lib/python3.12/site-packages/scipy/linalg/_decomp_lu_cython.cpython-312-x86_64-linux-gnu.so
    /opt/pytorch/lib/python3.12/site-packages/scipy/linalg/_decomp_update.cpython-312-x86_64-linux-gnu.so
    /opt/pytorch/lib/python3.12/site-packages/scipy/linalg/_fblas.cpython-312-x86_64-linux-gnu.so
    /opt/pytorch/lib/python3.12/site-packages/scipy/linalg/_flapack.cpython-312-x86_64-linux-gnu.so
    /opt/pytorch/lib/python3.12/site-packages/scipy/linalg/_linalg_pythran.cpython-312-x86_64-linux-gnu.so
    /opt/pytorch/lib/python3.12/site-packages/scipy/linalg/_matfuncs_expm.cpython-312-x86_64-linux-gnu.so
    /opt/pytorch/lib/python3.12/site-packages/scipy/linalg/_matfuncs_schur_sqrtm.cpython-312-x86_64-linux-gnu.so
    /opt/pytorch/lib/python3.12/site-packages/scipy/linalg/_solve_toeplitz.cpython-312-x86_64-linux-gnu.so
    /opt/pytorch/lib/python3.12/site-packages/scipy/linalg/cython_blas.cpython-312-x86_64-linux-gnu.so
    /opt/pytorch/lib/python3.12/site-packages/scipy/linalg/cython_lapack.cpython-312-x86_64-linux-gnu.so
    /opt/pytorch/lib/python3.12/site-packages/scipy/ndimage/_nd_image.cpython-312-x86_64-linux-gnu.so
    /opt/pytorch/lib/python3.12/site-packages/scipy/ndimage/_ni_label.cpython-312-x86_64-linux-gnu.so
    /opt/pytorch/lib/python3.12/site-packages/scipy/ndimage/_rank_filter_1d.cpython-312-x86_64-linux-gnu.so
    /opt/pytorch/lib/python3.12/site-packages/scipy/optimize/_bglu_dense.cpython-312-x86_64-linux-gnu.so
    /opt/pytorch/lib/python3.12/site-packages/scipy/optimize/_direct.cpython-312-x86_64-linux-gnu.so
    /opt/pytorch/lib/python3.12/site-packages/scipy/optimize/_group_columns.cpython-312-x86_64-linux-gnu.so
    /opt/pytorch/lib/python3.12/site-packages/scipy/optimize/_highspy/_core.cpython-312-x86_64-linux-gnu.so
    /opt/pytorch/lib/python3.12/site-packages/scipy/optimize/_highspy/_highs_options.cpython-312-x86_64-linux-gnu.so
    /opt/pytorch/lib/python3.12/site-packages/scipy/optimize/_lbfgsb.cpython-312-x86_64-linux-gnu.so
    /opt/pytorch/lib/python3.12/site-packages/scipy/optimize/_lsap.cpython-312-x86_64-linux-gnu.so
    /opt/pytorch/lib/python3.12/site-packages/scipy/optimize/_lsq/givens_elimination.cpython-312-x86_64-linux-gnu.so
    /opt/pytorch/lib/python3.12/site-packages/scipy/optimize/_minpack.cpython-312-x86_64-linux-gnu.so
    /opt/pytorch/lib/python3.12/site-packages/scipy/optimize/_moduleTNC.cpython-312-x86_64-linux-gnu.so
    /opt/pytorch/lib/python3.12/site-packages/scipy/optimize/_pava_pybind.cpython-312-x86_64-linux-gnu.so
    /opt/pytorch/lib/python3.12/site-packages/scipy/optimize/_slsqplib.cpython-312-x86_64-linux-gnu.so
    /opt/pytorch/lib/python3.12/site-packages/scipy/optimize/_trlib/_trlib.cpython-312-x86_64-linux-gnu.so
    /opt/pytorch/lib/python3.12/site-packages/scipy/optimize/_zeros.cpython-312-x86_64-linux-gnu.so
    /opt/pytorch/lib/python3.12/site-packages/scipy/signal/_max_len_seq_inner.cpython-312-x86_64-linux-gnu.so
    /opt/pytorch/lib/python3.12/site-packages/scipy/signal/_peak_finding_utils.cpython-312-x86_64-linux-gnu.so
    /opt/pytorch/lib/python3.12/site-packages/scipy/signal/_sigtools.cpython-312-x86_64-linux-gnu.so
    /opt/pytorch/lib/python3.12/site-packages/scipy/signal/_sosfilt.cpython-312-x86_64-linux-gnu.so
    /opt/pytorch/lib/python3.12/site-packages/scipy/signal/_spline.cpython-312-x86_64-linux-gnu.so
    /opt/pytorch/lib/python3.12/site-packages/scipy/signal/_upfirdn_apply.cpython-312-x86_64-linux-gnu.so
    /opt/pytorch/lib/python3.12/site-packages/scipy/sparse/_csparsetools.cpython-312-x86_64-linux-gnu.so
    /opt/pytorch/lib/python3.12/site-packages/scipy/sparse/_sparsetools.cpython-312-x86_64-linux-gnu.so
    /opt/pytorch/lib/python3.12/site-packages/scipy/sparse/csgraph/_flow.cpython-312-x86_64-linux-gnu.so
    /opt/pytorch/lib/python3.12/site-packages/scipy/sparse/csgraph/_matching.cpython-312-x86_64-linux-gnu.so
    /opt/pytorch/lib/python3.12/site-packages/scipy/sparse/csgraph/_min_spanning_tree.cpython-312-x86_64-linux-gnu.so
    /opt/pytorch/lib/python3.12/site-packages/scipy/sparse/csgraph/_reordering.cpython-312-x86_64-linux-gnu.so
    /opt/pytorch/lib/python3.12/site-packages/scipy/sparse/csgraph/_shortest_path.cpython-312-x86_64-linux-gnu.so
    /opt/pytorch/lib/python3.12/site-packages/scipy/sparse/csgraph/_tools.cpython-312-x86_64-linux-gnu.so
    /opt/pytorch/lib/python3.12/site-packages/scipy/sparse/csgraph/_traversal.cpython-312-x86_64-linux-gnu.so
    /opt/pytorch/lib/python3.12/site-packages/scipy/sparse/linalg/_dsolve/_superlu.cpython-312-x86_64-linux-gnu.so
    /opt/pytorch/lib/python3.12/site-packages/scipy/sparse/linalg/_eigen/arpack/_arpacklib.cpython-312-x86_64-linux-gnu.so
    /opt/pytorch/lib/python3.12/site-packages/scipy/sparse/linalg/_propack.cpython-312-x86_64-linux-gnu.so
    /opt/pytorch/lib/python3.12/site-packages/scipy/spatial/_ckdtree.cpython-312-x86_64-linux-gnu.so
    /opt/pytorch/lib/python3.12/site-packages/scipy/spatial/_distance_pybind.cpython-312-x86_64-linux-gnu.so
    /opt/pytorch/lib/python3.12/site-packages/scipy/spatial/_distance_wrap.cpython-312-x86_64-linux-gnu.so
    /opt/pytorch/lib/python3.12/site-packages/scipy/spatial/_hausdorff.cpython-312-x86_64-linux-gnu.so
    /opt/pytorch/lib/python3.12/site-packages/scipy/spatial/_qhull.cpython-312-x86_64-linux-gnu.so
    /opt/pytorch/lib/python3.12/site-packages/scipy/spatial/_voronoi.cpython-312-x86_64-linux-gnu.so
    /opt/pytorch/lib/python3.12/site-packages/scipy/spatial/transform/_rigid_transform_cy.cpython-312-x86_64-linux-gnu.so
    /opt/pytorch/lib/python3.12/site-packages/scipy/spatial/transform/_rotation_cy.cpython-312-x86_64-linux-gnu.so
    /opt/pytorch/lib/python3.12/site-packages/scipy/special/_comb.cpython-312-x86_64-linux-gnu.so
    /opt/pytorch/lib/python3.12/site-packages/scipy/special/_ellip_harm_2.cpython-312-x86_64-linux-gnu.so
    /opt/pytorch/lib/python3.12/site-packages/scipy/special/_gufuncs.cpython-312-x86_64-linux-gnu.so
    /opt/pytorch/lib/python3.12/site-packages/scipy/special/_specfun.cpython-312-x86_64-linux-gnu.so
    /opt/pytorch/lib/python3.12/site-packages/scipy/special/_special_ufuncs.cpython-312-x86_64-linux-gnu.so
    /opt/pytorch/lib/python3.12/site-packages/scipy/special/_ufuncs.cpython-312-x86_64-linux-gnu.so
    /opt/pytorch/lib/python3.12/site-packages/scipy/special/_ufuncs_cxx.cpython-312-x86_64-linux-gnu.so
    /opt/pytorch/lib/python3.12/site-packages/scipy/special/cython_special.cpython-312-x86_64-linux-gnu.so
    /opt/pytorch/lib/python3.12/site-packages/scipy/stats/_ansari_swilk_statistics.cpython-312-x86_64-linux-gnu.so
    /opt/pytorch/lib/python3.12/site-packages/scipy/stats/_biasedurn.cpython-312-x86_64-linux-gnu.so
    /opt/pytorch/lib/python3.12/site-packages/scipy/stats/_levy_stable/levyst.cpython-312-x86_64-linux-gnu.so
    /opt/pytorch/lib/python3.12/site-packages/scipy/stats/_qmc_cy.cpython-312-x86_64-linux-gnu.so
    /opt/pytorch/lib/python3.12/site-packages/scipy/stats/_qmvnt_cy.cpython-312-x86_64-linux-gnu.so
    /opt/pytorch/lib/python3.12/site-packages/scipy/stats/_rcont/rcont.cpython-312-x86_64-linux-gnu.so
    /opt/pytorch/lib/python3.12/site-packages/scipy/stats/_sobol.cpython-312-x86_64-linux-gnu.so
    /opt/pytorch/lib/python3.12/site-packages/scipy/stats/_stats.cpython-312-x86_64-linux-gnu.so
    /opt/pytorch/lib/python3.12/site-packages/scipy/stats/_stats_pythran.cpython-312-x86_64-linux-gnu.so
    /opt/pytorch/lib/python3.12/site-packages/sklearn/__check_build/_check_build.cpython-312-x86_64-linux-gnu.so
    /opt/pytorch/lib/python3.12/site-packages/sklearn/_cyutility.cpython-312-x86_64-linux-gnu.so
    /opt/pytorch/lib/python3.12/site-packages/sklearn/_isotonic.cpython-312-x86_64-linux-gnu.so
    /opt/pytorch/lib/python3.12/site-packages/sklearn/_loss/_loss.cpython-312-x86_64-linux-gnu.so
    /opt/pytorch/lib/python3.12/site-packages/sklearn/cluster/_dbscan_inner.cpython-312-x86_64-linux-gnu.so
    /opt/pytorch/lib/python3.12/site-packages/sklearn/cluster/_hdbscan/_linkage.cpython-312-x86_64-linux-gnu.so
    /opt/pytorch/lib/python3.12/site-packages/sklearn/cluster/_hdbscan/_reachability.cpython-312-x86_64-linux-gnu.so
    /opt/pytorch/lib/python3.12/site-packages/sklearn/cluster/_hdbscan/_tree.cpython-312-x86_64-linux-gnu.so
    /opt/pytorch/lib/python3.12/site-packages/sklearn/cluster/_hierarchical_fast.cpython-312-x86_64-linux-gnu.so
    /opt/pytorch/lib/python3.12/site-packages/sklearn/cluster/_k_means_common.cpython-312-x86_64-linux-gnu.so
    /opt/pytorch/lib/python3.12/site-packages/sklearn/cluster/_k_means_elkan.cpython-312-x86_64-linux-gnu.so
    /opt/pytorch/lib/python3.12/site-packages/sklearn/cluster/_k_means_lloyd.cpython-312-x86_64-linux-gnu.so
    /opt/pytorch/lib/python3.12/site-packages/sklearn/cluster/_k_means_minibatch.cpython-312-x86_64-linux-gnu.so
    /opt/pytorch/lib/python3.12/site-packages/sklearn/decomposition/_cdnmf_fast.cpython-312-x86_64-linux-gnu.so
    /opt/pytorch/lib/python3.12/site-packages/sklearn/decomposition/_online_lda_fast.cpython-312-x86_64-linux-gnu.so
    /opt/pytorch/lib/python3.12/site-packages/sklearn/feature_extraction/_hashing_fast.cpython-312-x86_64-linux-gnu.so
    /opt/pytorch/lib/python3.12/site-packages/sklearn/linear_model/_cd_fast.cpython-312-x86_64-linux-gnu.so
    /opt/pytorch/lib/python3.12/site-packages/sklearn/linear_model/_sag_fast.cpython-312-x86_64-linux-gnu.so
    /opt/pytorch/lib/python3.12/site-packages/sklearn/linear_model/_sgd_fast.cpython-312-x86_64-linux-gnu.so
    /opt/pytorch/lib/python3.12/site-packages/sklearn/manifold/_barnes_hut_tsne.cpython-312-x86_64-linux-gnu.so
    /opt/pytorch/lib/python3.12/site-packages/sklearn/manifold/_utils.cpython-312-x86_64-linux-gnu.so
    /opt/pytorch/lib/python3.12/site-packages/sklearn/metrics/_dist_metrics.cpython-312-x86_64-linux-gnu.so
    /opt/pytorch/lib/python3.12/site-packages/sklearn/metrics/_pairwise_distances_reduction/_argkmin.cpython-312-x86_64-linux-gnu.so
    /opt/pytorch/lib/python3.12/site-packages/sklearn/metrics/_pairwise_distances_reduction/_argkmin_classmode.cpython-312-x86_64-linux-gnu.so
    /opt/pytorch/lib/python3.12/site-packages/sklearn/metrics/_pairwise_distances_reduction/_base.cpython-312-x86_64-linux-gnu.so
    /opt/pytorch/lib/python3.12/site-packages/sklearn/metrics/_pairwise_distances_reduction/_datasets_pair.cpython-312-x86_64-linux-gnu.so
    /opt/pytorch/lib/python3.12/site-packages/sklearn/metrics/_pairwise_distances_reduction/_middle_term_computer.cpython-312-x86_64-linux-gnu.so
    /opt/pytorch/lib/python3.12/site-packages/sklearn/metrics/_pairwise_distances_reduction/_radius_neighbors.cpython-312-x86_64-linux-gnu.so
    /opt/pytorch/lib/python3.12/site-packages/sklearn/metrics/_pairwise_distances_reduction/_radius_neighbors_classmode.cpython-312-x86_64-linux-gnu.so
    /opt/pytorch/lib/python3.12/site-packages/sklearn/metrics/_pairwise_fast.cpython-312-x86_64-linux-gnu.so
    /opt/pytorch/lib/python3.12/site-packages/sklearn/metrics/cluster/_expected_mutual_info_fast.cpython-312-x86_64-linux-gnu.so
    /opt/pytorch/lib/python3.12/site-packages/sklearn/neighbors/_ball_tree.cpython-312-x86_64-linux-gnu.so
    /opt/pytorch/lib/python3.12/site-packages/sklearn/neighbors/_kd_tree.cpython-312-x86_64-linux-gnu.so
    /opt/pytorch/lib/python3.12/site-packages/sklearn/neighbors/_partition_nodes.cpython-312-x86_64-linux-gnu.so
    /opt/pytorch/lib/python3.12/site-packages/sklearn/neighbors/_quad_tree.cpython-312-x86_64-linux-gnu.so
    /opt/pytorch/lib/python3.12/site-packages/sklearn/preprocessing/_csr_polynomial_expansion.cpython-312-x86_64-linux-gnu.so
    /opt/pytorch/lib/python3.12/site-packages/sklearn/preprocessing/_target_encoder_fast.cpython-312-x86_64-linux-gnu.so
    /opt/pytorch/lib/python3.12/site-packages/sklearn/svm/_liblinear.cpython-312-x86_64-linux-gnu.so
    /opt/pytorch/lib/python3.12/site-packages/sklearn/svm/_libsvm.cpython-312-x86_64-linux-gnu.so
    /opt/pytorch/lib/python3.12/site-packages/sklearn/svm/_libsvm_sparse.cpython-312-x86_64-linux-gnu.so
    /opt/pytorch/lib/python3.12/site-packages/sklearn/tree/_criterion.cpython-312-x86_64-linux-gnu.so
    /opt/pytorch/lib/python3.12/site-packages/sklearn/tree/_partitioner.cpython-312-x86_64-linux-gnu.so
    /opt/pytorch/lib/python3.12/site-packages/sklearn/tree/_splitter.cpython-312-x86_64-linux-gnu.so
    /opt/pytorch/lib/python3.12/site-packages/sklearn/tree/_tree.cpython-312-x86_64-linux-gnu.so
    /opt/pytorch/lib/python3.12/site-packages/sklearn/tree/_utils.cpython-312-x86_64-linux-gnu.so
    /opt/pytorch/lib/python3.12/site-packages/sklearn/utils/_cython_blas.cpython-312-x86_64-linux-gnu.so
    /opt/pytorch/lib/python3.12/site-packages/sklearn/utils/_fast_dict.cpython-312-x86_64-linux-gnu.so
    /opt/pytorch/lib/python3.12/site-packages/sklearn/utils/_heap.cpython-312-x86_64-linux-gnu.so
    /opt/pytorch/lib/python3.12/site-packages/sklearn/utils/_isfinite.cpython-312-x86_64-linux-gnu.so
    /opt/pytorch/lib/python3.12/site-packages/sklearn/utils/_openmp_helpers.cpython-312-x86_64-linux-gnu.so
    /opt/pytorch/lib/python3.12/site-packages/sklearn/utils/_random.cpython-312-x86_64-linux-gnu.so
    /opt/pytorch/lib/python3.12/site-packages/sklearn/utils/_seq_dataset.cpython-312-x86_64-linux-gnu.so
    /opt/pytorch/lib/python3.12/site-packages/sklearn/utils/_sorting.cpython-312-x86_64-linux-gnu.so
    /opt/pytorch/lib/python3.12/site-packages/sklearn/utils/_vector_sentinel.cpython-312-x86_64-linux-gnu.so
    /opt/pytorch/lib/python3.12/site-packages/sklearn/utils/_weight_vector.cpython-312-x86_64-linux-gnu.so
    /opt/pytorch/lib/python3.12/site-packages/sklearn/utils/arrayfuncs.cpython-312-x86_64-linux-gnu.so
    /opt/pytorch/lib/python3.12/site-packages/sklearn/utils/murmurhash.cpython-312-x86_64-linux-gnu.so
    /opt/pytorch/lib/python3.12/site-packages/sklearn/utils/sparsefuncs_fast.cpython-312-x86_64-linux-gnu.so
    /opt/pytorch/lib/python3.12/site-packages/torch/_C.cpython-312-x86_64-linux-gnu.so
    /opt/pytorch/lib/python3.12/site-packages/torch/lib/libc10.so
    /opt/pytorch/lib/python3.12/site-packages/torch/lib/libc10_cuda.so
    /opt/pytorch/lib/python3.12/site-packages/torch/lib/libgomp-c9fef706.so.1
    /opt/pytorch/lib/python3.12/site-packages/torch/lib/libshm.so
    /opt/pytorch/lib/python3.12/site-packages/torch/lib/libtorch.so
    /opt/pytorch/lib/python3.12/site-packages/torch/lib/libtorch_cpu.so
    /opt/pytorch/lib/python3.12/site-packages/torch/lib/libtorch_cuda.so
    /opt/pytorch/lib/python3.12/site-packages/torch/lib/libtorch_global_deps.so
    /opt/pytorch/lib/python3.12/site-packages/torch/lib/libtorch_python.so
    /opt/pytorch/lib/python3.12/site-packages/yaml/_yaml.cpython-312-x86_64-linux-gnu.so
[B] outside the wheels but OWNED by a dpkg package (5) -- a pip freeze cannot express these:
    libssl3                      /usr/lib/x86_64-linux-gnu/libcrypto.so.3
    libffi8                      /usr/lib/x86_64-linux-gnu/libffi.so.8.1.0
    libssl3                      /usr/lib/x86_64-linux-gnu/libssl.so.3
    libstdc++6                   /usr/lib/x86_64-linux-gnu/libstdc++.so.6.0.30
    libuuid1                     /usr/lib/x86_64-linux-gnu/libuuid.so.1.3.0
[C] outside the wheels and owned by NO dpkg package (53) -- invisible to pip AND to apt:
    /usr/lib/x86_64-linux-gnu/ld-linux-x86-64.so.2
    /usr/lib/x86_64-linux-gnu/libbz2.so.1.0.4
    /usr/lib/x86_64-linux-gnu/libc.so.6
    /usr/lib/x86_64-linux-gnu/libcuda.so.580.126.09
    /usr/lib/x86_64-linux-gnu/libdl.so.2
    /usr/lib/x86_64-linux-gnu/libgcc_s.so.1
    /usr/lib/x86_64-linux-gnu/liblzma.so.5.2.5
    /usr/lib/x86_64-linux-gnu/libm.so.6
    /usr/lib/x86_64-linux-gnu/libmvec.so.1
    /usr/lib/x86_64-linux-gnu/libpthread.so.0
    /usr/lib/x86_64-linux-gnu/librt.so.1
    /usr/lib/x86_64-linux-gnu/libutil.so.1
    /usr/lib/x86_64-linux-gnu/libz.so.1.2.11
    /usr/local/lib/python3.12/lib-dynload/_asyncio.cpython-312-x86_64-linux-gnu.so
    /usr/local/lib/python3.12/lib-dynload/_bisect.cpython-312-x86_64-linux-gnu.so
    /usr/local/lib/python3.12/lib-dynload/_blake2.cpython-312-x86_64-linux-gnu.so
    /usr/local/lib/python3.12/lib-dynload/_bz2.cpython-312-x86_64-linux-gnu.so
    /usr/local/lib/python3.12/lib-dynload/_contextvars.cpython-312-x86_64-linux-gnu.so
    /usr/local/lib/python3.12/lib-dynload/_csv.cpython-312-x86_64-linux-gnu.so
    /usr/local/lib/python3.12/lib-dynload/_ctypes.cpython-312-x86_64-linux-gnu.so
    /usr/local/lib/python3.12/lib-dynload/_datetime.cpython-312-x86_64-linux-gnu.so
    /usr/local/lib/python3.12/lib-dynload/_decimal.cpython-312-x86_64-linux-gnu.so
    /usr/local/lib/python3.12/lib-dynload/_elementtree.cpython-312-x86_64-linux-gnu.so
    /usr/local/lib/python3.12/lib-dynload/_hashlib.cpython-312-x86_64-linux-gnu.so
    /usr/local/lib/python3.12/lib-dynload/_heapq.cpython-312-x86_64-linux-gnu.so
    /usr/local/lib/python3.12/lib-dynload/_json.cpython-312-x86_64-linux-gnu.so
    /usr/local/lib/python3.12/lib-dynload/_lzma.cpython-312-x86_64-linux-gnu.so
    /usr/local/lib/python3.12/lib-dynload/_multiprocessing.cpython-312-x86_64-linux-gnu.so
    /usr/local/lib/python3.12/lib-dynload/_opcode.cpython-312-x86_64-linux-gnu.so
    /usr/local/lib/python3.12/lib-dynload/_pickle.cpython-312-x86_64-linux-gnu.so
    /usr/local/lib/python3.12/lib-dynload/_posixshmem.cpython-312-x86_64-linux-gnu.so
    /usr/local/lib/python3.12/lib-dynload/_posixsubprocess.cpython-312-x86_64-linux-gnu.so
    /usr/local/lib/python3.12/lib-dynload/_queue.cpython-312-x86_64-linux-gnu.so
    /usr/local/lib/python3.12/lib-dynload/_random.cpython-312-x86_64-linux-gnu.so
    /usr/local/lib/python3.12/lib-dynload/_sha2.cpython-312-x86_64-linux-gnu.so
    /usr/local/lib/python3.12/lib-dynload/_socket.cpython-312-x86_64-linux-gnu.so
    /usr/local/lib/python3.12/lib-dynload/_ssl.cpython-312-x86_64-linux-gnu.so
    /usr/local/lib/python3.12/lib-dynload/_struct.cpython-312-x86_64-linux-gnu.so
    /usr/local/lib/python3.12/lib-dynload/_uuid.cpython-312-x86_64-linux-gnu.so
    /usr/local/lib/python3.12/lib-dynload/_zoneinfo.cpython-312-x86_64-linux-gnu.so
    /usr/local/lib/python3.12/lib-dynload/array.cpython-312-x86_64-linux-gnu.so
    /usr/local/lib/python3.12/lib-dynload/binascii.cpython-312-x86_64-linux-gnu.so
    /usr/local/lib/python3.12/lib-dynload/cmath.cpython-312-x86_64-linux-gnu.so
    /usr/local/lib/python3.12/lib-dynload/fcntl.cpython-312-x86_64-linux-gnu.so
    /usr/local/lib/python3.12/lib-dynload/grp.cpython-312-x86_64-linux-gnu.so
    /usr/local/lib/python3.12/lib-dynload/math.cpython-312-x86_64-linux-gnu.so
    /usr/local/lib/python3.12/lib-dynload/mmap.cpython-312-x86_64-linux-gnu.so
    /usr/local/lib/python3.12/lib-dynload/pyexpat.cpython-312-x86_64-linux-gnu.so
    /usr/local/lib/python3.12/lib-dynload/resource.cpython-312-x86_64-linux-gnu.so
    /usr/local/lib/python3.12/lib-dynload/select.cpython-312-x86_64-linux-gnu.so
    /usr/local/lib/python3.12/lib-dynload/termios.cpython-312-x86_64-linux-gnu.so
    /usr/local/lib/python3.12/lib-dynload/unicodedata.cpython-312-x86_64-linux-gnu.so
    /usr/local/lib/python3.12/lib-dynload/zlib.cpython-312-x86_64-linux-gnu.so
--- libsndfile provenance ---
  soundfile 0.14.0 reports libsndfile 1.2.2
  loaded object: <Lib object for '/opt/pytorch/lib/python3.12/site-packages/_soundfile_data/libsndfile_x86_64.so'>
native_deps_probe: done (diagnostic only, never fatal)
HF_TOKEN present in task env: True | length: 37
roar: roar init
.roar directory already exists at [REDACTED]/5c26b05a-e860-4ef5-a60b-62acd9e897e2/_work/70532295-f315-49d6-90f3-5a716e28a88a/repository/.roar
Shutdown scheduled for Tue 2026-08-11 21:12:26 UTC, use 'shutdown -c' to cancel.
[fetch] GET https://data.keithito.com/data/speech/LJSpeech-1.1.tar.bz2
[fetch]   0.01 / 2.75 GB (0%)
[fetch]   0.28 / 2.75 GB (10%)
[fetch]   0.55 / 2.75 GB (20%)
[fetch]   0.83 / 2.75 GB (30%)
[fetch]   1.11 / 2.75 GB (40%)
[fetch]   1.38 / 2.75 GB (50%)
[fetch]   1.65 / 2.75 GB (60%)
[fetch]   1.93 / 2.75 GB (70%)
[fetch]   2.21 / 2.75 GB (80%)
[fetch]   2.47 / 2.75 GB (90%)
[fetch]   2.75 / 2.75 GB (100%)
[timing] download: 2748572632 bytes in 23.0s (119.4 MB/s)
[timing] sha256: 7.5s
[check] sha256 be1a30453f28eb8dd26af4101ae40cbf2c50413b1bb21936cbcdc6fae3de8aa5
[check] archive matches the pinned SHA-256
[fetch]   extracted 2000 files
[fetch]   extracted 4000 files
[fetch]   extracted 6000 files
[fetch]   extracted 8000 files
[fetch]   extracted 10000 files
[fetch]   extracted 12000 files
[timing] extract: 13102 files in 242.2s
[check] 13100 .wav files in [REDACTED]/5c26b05a-e860-4ef5-a60b-62acd9e897e2/_work/70532295-f315-49d6-90f3-5a716e28a88a/repository/DUMMY (13102 files written)
[check] all 13100 audio paths in upstream's three filelists resolve, with the filelists unmodified
[fetch] removed /var/tmp/LJSpeech-1.1.tar.bz2
20:57:31  task               Task fetch_ljspeech completed
20:57:31  task               Running task train
roar: done · 304.2s (trace 276.9s + post 27.2s, exit 0)
hint: next: roar show @1  ·  roar dag  ·  roar register @1
Shutdown scheduled for Tue 2026-08-11 21:17:31 UTC, use 'shutdown -c' to cancel.
[shim] `import tensorflow` in hparams.py is served by repro/tf_hparams_shim.py -- it provides tf.contrib.training.HParams and tf.logging and nothing else. TensorFlow itself is NOT installed: tf.contrib was removed in TF 2.0 and the pinned tensorflow==1.15.2 has no wheel for this interpreter. hparams.py itself is upstream's, unmodified.
[shim] withdrawn: `import tensorflow` now fails as it would on any host without TensorFlow. TensorBoard's SummaryWriter probes for it and would otherwise route its file IO through tf.io.gfile.
/root/.local/share/uv/tools/roar-cli/lib/python3.12/site-packages/roar/execution/runtime/inject/tracker.py:360: FutureWarning: The pynvml package is deprecated. Please install nvidia-ml-py instead. If you did not install pynvml directly, please report this to the maintainers of the package that installed pynvml for you.
  module = self._real_import(name, globals, locals, fromlist, level)
[env] torch 2.7.0+cu126 | cuda available: True
[env] device: Tesla T4
[tf.logging] Parsing command line hparams: epochs=1,batch_size=16,iters_per_checkpoint=100
FP16 Run: False
Dynamic Loss Scaling: True
Distributed Run: False
cuDNN Enabled: True
cuDNN Benchmark: False
[REDACTED]/5c26b05a-e860-4ef5-a60b-62acd9e897e2/_work/70532295-f315-49d6-90f3-5a716e28a88a/repository/stft.py:67: FutureWarning: Pass size=1024 as keyword args. From version 0.10 passing these as positional arguments will result in an error
  fft_window = pad_center(fft_window, filter_length)
[REDACTED]/5c26b05a-e860-4ef5-a60b-62acd9e897e2/_work/70532295-f315-49d6-90f3-5a716e28a88a/repository/layers.py:50: FutureWarning: Pass sr=22050, n_fft=1024, n_mels=80, fmin=0.0, fmax=8000.0 as keyword args. From version 0.10 passing these as positional arguments will result in an error
  mel_basis = librosa_mel_fn(
[timing] dataloaders built in 1.1s (12500 train utterances, 100 validation utterances)
[truncation] upstream would run 1 epoch(s) x 781 steps/epoch = 781 optimiser steps at batch_size=16; running 101 step(s) (--train-iters 101).
[dataloader] num_workers forced to 0 (upstream hardcodes 1 at train.py:55); see repro/train_truncated.py
Epoch: 0
[REDACTED]/5c26b05a-e860-4ef5-a60b-62acd9e897e2/_work/70532295-f315-49d6-90f3-5a716e28a88a/repository/utils.py:8: UserWarning: The torch.cuda.*DtypeTensor constructors are no longer recommended. It's best to use methods such as torch.tensor(data, dtype=*, device='cuda') to create tensors. (Triggered internally at /pytorch/torch/csrc/tensor/python_tensor.cpp:78.)
  ids = torch.arange(0, max_len, out=torch.cuda.LongTensor(max_len))
Train loss 0 49.424385 Grad Norm 14.143739 46.45s/it
Validation loss 0: 36.168822
Saving model and optimizer state at iteration 0 to outdir/checkpoint_0
Train loss 1 38.546650 Grad Norm 27.963467 2.94s/it
Train loss 2 15.759634 Grad Norm 16.108841 2.89s/it
Train loss 3 8.668789 Grad Norm 23.738617 2.96s/it
Train loss 4 5.707707 Grad Norm 6.299042 2.88s/it
Train loss 5 5.882157 Grad Norm 6.333526 2.83s/it
Train loss 6 5.747694 Grad Norm 7.288598 2.99s/it
Train loss 7 5.358483 Grad Norm 6.032974 2.72s/it
Train loss 8 5.664374 Grad Norm 5.384127 2.96s/it
Train loss 9 5.100709 Grad Norm 3.971131 3.01s/it
Train loss 10 4.814959 Grad Norm 2.651082 3.07s/it
Train loss 11 4.434556 Grad Norm 2.599058 2.83s/it
Train loss 12 4.739718 Grad Norm 5.920462 2.78s/it
Train loss 13 4.557590 Grad Norm 13.259695 2.94s/it
Train loss 14 5.435791 Grad Norm 5.422324 2.88s/it
Train loss 15 4.490869 Grad Norm 26.592241 2.81s/it
Train loss 16 5.434608 Grad Norm 10.732500 2.96s/it
Train loss 17 5.051441 Grad Norm 23.774382 2.98s/it
Train loss 18 5.749968 Grad Norm 15.183067 2.85s/it
Train loss 19 4.961131 Grad Norm 6.468945 3.02s/it
Train loss 20 5.489620 Grad Norm 3.987658 3.02s/it
Train loss 21 4.545531 Grad Norm 10.401280 3.12s/it
Train loss 22 4.302300 Grad Norm 7.394727 2.54s/it
Train loss 23 4.658215 Grad Norm 8.789172 2.66s/it
Train loss 24 4.696105 Grad Norm 7.987240 2.97s/it
Train loss 25 5.334259 Grad Norm 4.695008 2.94s/it
Train loss 26 4.502644 Grad Norm 10.553436 2.79s/it
Train loss 27 4.478882 Grad Norm 10.932424 2.81s/it
Train loss 28 4.708935 Grad Norm 10.227232 2.74s/it
Train loss 29 4.301552 Grad Norm 15.406575 2.80s/it
Train loss 30 4.864208 Grad Norm 5.930149 2.77s/it
Train loss 31 4.349598 Grad Norm 12.225211 2.90s/it
Train loss 32 4.833108 Grad Norm 7.650010 2.58s/it
Train loss 33 4.220121 Grad Norm 19.424576 2.55s/it
Train loss 34 4.215923 Grad Norm 20.405861 2.98s/it
Train loss 35 4.001548 Grad Norm 19.437222 2.67s/it
Train loss 36 5.673983 Grad Norm 12.877566 3.02s/it
Train loss 37 3.924939 Grad Norm 10.182738 2.82s/it
Train loss 38 4.113278 Grad Norm 7.199151 2.91s/it
Train loss 39 4.318397 Grad Norm 3.653996 2.90s/it
Train loss 40 4.004639 Grad Norm 6.469981 2.67s/it
Train loss 41 4.703808 Grad Norm 3.478117 2.95s/it
Train loss 42 4.304965 Grad Norm 3.622743 2.80s/it
Train loss 43 3.447912 Grad Norm 8.835192 3.00s/it
Train loss 44 4.751498 Grad Norm 2.768354 2.83s/it
Train loss 45 3.541918 Grad Norm 8.497242 2.92s/it
Train loss 46 3.985603 Grad Norm 4.163085 2.93s/it
Train loss 47 4.461693 Grad Norm 1.939918 2.90s/it
Train loss 48 4.586922 Grad Norm 2.239355 2.98s/it
Train loss 49 4.180164 Grad Norm 6.233178 2.97s/it
Train loss 50 4.281754 Grad Norm 4.571089 3.00s/it
Train loss 51 3.927777 Grad Norm 4.730260 2.95s/it
Train loss 52 3.936759 Grad Norm 3.301054 3.00s/it
Train loss 53 4.170675 Grad Norm 3.248417 3.15s/it
Train loss 54 4.501444 Grad Norm 3.422034 2.81s/it
Train loss 55 4.717373 Grad Norm 4.041117 2.86s/it
Train loss 56 4.120254 Grad Norm 5.072470 2.88s/it
Train loss 57 4.288971 Grad Norm 3.053475 2.79s/it
Train loss 58 4.111325 Grad Norm 3.917472 3.02s/it
Train loss 59 4.021999 Grad Norm 4.505486 2.89s/it
Train loss 60 3.782255 Grad Norm 4.945445 2.62s/it
Train loss 61 3.686255 Grad Norm 2.371180 3.02s/it
Train loss 62 3.891929 Grad Norm 2.791333 2.93s/it
Train loss 63 4.167920 Grad Norm 14.470584 2.75s/it
Train loss 64 5.205660 Grad Norm 21.261019 2.79s/it
Train loss 65 4.560468 Grad Norm 8.049178 2.91s/it
Train loss 66 4.536069 Grad Norm 9.918191 2.97s/it
Train loss 67 4.522061 Grad Norm 6.891715 2.94s/it
Train loss 68 4.033176 Grad Norm 4.268528 2.90s/it
Train loss 69 3.589739 Grad Norm 4.148986 2.89s/it
Train loss 70 3.455884 Grad Norm 3.983348 2.93s/it
Train loss 71 3.692667 Grad Norm 11.057617 2.97s/it
Train loss 72 4.320950 Grad Norm 5.154010 2.97s/it
Train loss 73 3.919051 Grad Norm 5.962730 3.00s/it
Train loss 74 3.376074 Grad Norm 2.732170 2.92s/it
Train loss 75 4.168363 Grad Norm 4.361611 2.97s/it
Train loss 76 4.418211 Grad Norm 3.532231 2.95s/it
Train loss 77 3.938542 Grad Norm 3.673450 3.00s/it
Train loss 78 4.007646 Grad Norm 7.834139 2.98s/it
Train loss 79 3.750010 Grad Norm 6.337861 2.98s/it
Train loss 80 3.686754 Grad Norm 3.002147 2.97s/it
Train loss 81 4.177026 Grad Norm 9.493139 2.95s/it
Train loss 82 4.437854 Grad Norm 10.986206 2.98s/it
Train loss 83 4.006960 Grad Norm 6.297091 3.14s/it
Train loss 84 3.674959 Grad Norm 2.447663 2.71s/it
Train loss 85 4.033863 Grad Norm 9.494678 2.68s/it
Train loss 86 4.378806 Grad Norm 6.225806 2.67s/it
Train loss 87 3.613898 Grad Norm 4.177321 2.74s/it
Train loss 88 3.353520 Grad Norm 2.512109 2.96s/it
Train loss 89 3.699005 Grad Norm 9.876163 2.95s/it
Train loss 90 3.911313 Grad Norm 5.856629 2.97s/it
Train loss 91 3.456529 Grad Norm 3.911073 2.82s/it
Train loss 92 3.546586 Grad Norm 4.497106 2.70s/it
Train loss 93 3.245972 Grad Norm 5.352734 2.76s/it
Train loss 94 3.631615 Grad Norm 4.465843 3.01s/it
Train loss 95 3.110474 Grad Norm 1.993421 2.88s/it
Train loss 96 3.388534 Grad Norm 8.617626 3.00s/it
Train loss 97 3.747691 Grad Norm 12.528623 3.05s/it
Train loss 98 4.079995 Grad Norm 9.617471 2.92s/it
Train loss 99 3.661819 Grad Norm 4.337067 2.81s/it
Train loss 100 3.001007 Grad Norm 5.120707 2.98s/it
Validation loss 100:  5.185412
Saving model and optimizer state at iteration 100 to outdir/checkpoint_100
[timing] train() returned after 404.9s
[timing] 4.01s per optimiser step, including the validation passes
21:04:36  task               Task train completed
21:04:36  task               Running task label
21:04:37  task               Task label completed
21:04:37  task               Running task publish
roar: done · 424.2s (trace 417.0s + post 7.3s, exit 0)
hint: next: roar show @2  ·  roar dag  ·  roar register @2
hint: 13 files under /tmp ignored (filters.ignore_tmp_files).
hint:   to track them: roar config set filters.ignore_tmp_files false
Shutdown scheduled for Tue 2026-08-11 21:19:36 UTC, use 'shutdown -c' to cancel.
Updated labels (version 1):
  description=Tacotron 2 (NVIDIA): character-to-mel-spectrogram sequence-to-sequence TTS with location-sensitive attention, trained on the LJ Speech corpus. TRUNCATED pipeline-viability run: 101 of 390500 optimiser steps, NOT converged.
  documentation.url=https://github.com/NVIDIA/tacotron2/blob/master/README.md
  license.id=BSD-3-Clause
  license.name=BSD 3-Clause License
  model.name=tacotron2-ljspeech
  model.version=1
Shutdown scheduled for Tue 2026-08-11 21:19:37 UTC, use 'shutdown -c' to cancel.




  ...ory/outdir/checkpoint_100:   0%|          | 22.5kB /  338MB            


  ...ory/outdir/checkpoint_100:   0%|          | 22.5kB /  338MB            


  ...ory/outdir/checkpoint_100:   0%|          | 22.5kB /  338MB            


  ...ory/outdir/checkpoint_100:   0%|          | 22.5kB /  338MB            


  ...ory/outdir/checkpoint_100:   0%|          | 22.5kB /  338MB            


  ...ory/outdir/checkpoint_100:   0%|          | 22.5kB /  338MB            


  ...ory/outdir/checkpoint_100:   0%|          | 1.14MB /  338MB            



  ...ory/outdir/checkpoint_100:   6%|▋         | 21.3MB /  338MB            



  ...ory/outdir/checkpoint_100:  15%|█▌        | 51.6MB /  338MB            



  ...ory/outdir/checkpoint_100:  20%|█▉        | 67.2MB /  338MB            



  ...ory/outdir/checkpoint_100:  20%|█▉        | 67.2MB /  338MB            


  ...ory/outdir/checkpoint_100:  20%|██        | 67.7MB /  338MB            



  ...ory/outdir/checkpoint_100:  22%|██▏       | 75.6MB /  338MB            



  ...ory/outdir/checkpoint_100:  29%|██▉       | 97.9MB /  338MB            



  ...ory/outdir/checkpoint_100:  36%|███▌      |  121MB /  338MB            



  ...ory/outdir/checkpoint_100:  40%|███▉      |  134MB /  338MB            



  ...ory/outdir/checkpoint_100:  41%|████      |  138MB /  338MB            



  ...ory/outdir/checkpoint_100:  48%|████▊     |  163MB /  338MB            



  ...ory/outdir/checkpoint_100:  55%|█████▌    |  188MB /  338MB            



  ...ory/outdir/checkpoint_100:  59%|█████▉    |  201MB /  338MB            



  ...ory/outdir/checkpoint_100:  59%|█████▉    |  201MB /  338MB            


  ...ory/outdir/checkpoint_100:  60%|█████▉    |  202MB /  338MB            



  ...ory/outdir/checkpoint_100:  63%|██████▎   |  212MB /  338MB            



  ...ory/outdir/checkpoint_100:  70%|██████▉   |  237MB /  338MB            



  ...ory/outdir/checkpoint_100:  77%|███████▋  |  261MB /  338MB            



  ...ory/outdir/checkpoint_100:  79%|███████▉  |  268MB /  338MB            



  ...ory/outdir/checkpoint_100:  82%|████████▏ |  276MB /  338MB            



  ...ory/outdir/checkpoint_100:  88%|████████▊ |  297MB /  338MB            



  ...ory/outdir/checkpoint_100:  94%|█████████▍|  319MB /  338MB            































21:06:26  task               Task publish completed
21:06:26  lineage export     Exporting lineage package
21:06:27  publishing_lineage Publishing lineage
Published 1 file(s) to hf://reproducible-ai/tacotron2-ljspeech
Session: d7f014101bb0...
Job step: @3
Job UID: fd6154af

Uploaded files:
  [REDACTED]/5c26b05a-e860-4ef5-a60b-62acd9e897e2/_work/70532295-f315-49d6-90f3-5a716e28a88a/repository/outdir/checkpoint_100 -> https://huggingface.co/reproducible-ai/tacotron2-ljspeech/resolve/main/checkpoint_100

Reproducibility — 6/7
  [✅] code committed to git
  [✅] single git commit across all steps
  [✅] commit reachable on a remote
  [✅] all inputs sourced
  [❌] all artifact paths in tracked directories
       → can't guarantee these paths exist on reproduction — see `roar status --untracked-dirs`; add a .gitkeep (or other placeholder) to those directories
  [✅] runtime captured (interpreter + packages)
  [✅] lineage saved on glaas.ai
       1 files · published to hf://reproducible-ai/tacotron2-ljspeech
⚠  This lineage may not reproduce as recorded — see the unchecked items.

GLaaS:
  Session: https://glaas.ai/dag/d7f014101bb02917996cbf3e539dac95958bb0b82b2b69486b0db8ded194f807

Next:
  roar show --job fd6154af
  roar show --session
21:07:12  lineage export     Lineage package exported
21:07:12  lineage upload     Uploading lineage package
21:07:12  publishing         Publishing lineage
21:09:13  finalizing         Finalizing job results
21:09:17  publishing_lineage Publishing lineage
21:09:55  lineage upload     Lineage package uploaded
21:09:56  published          Lineage published
21:09:56  finalizing         Finalizing job results
21:09:56  completed          Run completed successfully
21:09:56  terminal           Job completed
Training request: bc291045-0ece-47e2-b69e-8ae81bcb7f55
Job: 70532295-f315-49d6-90f3-5a716e28a88a
Status: COMPLETED
Source commit: 7869e7ecf63b6760e3ac0d2a6c7f816eceee0967
Workflow snapshot: b60657cf-0e90-43d0-be9d-a5d0218b3187
Lineage URL: https://glaas.ai/dag/bd10e34c8e450c46b6ccc5481fb9cc47c3a03b0fe25b9342c0f63a64b0392930
